// Jest Snapshot v1, https://jestjs.io/docs/snapshot-testing

exports[`server API renders base tag as React component 1`] = `"<base data-rh="true" href="http://localhost/" target="_blank"/>"`;

exports[`server API renders base tags as string 1`] = `"<base data-rh="true" href="http://localhost/" target="_blank"/>"`;

exports[`server Declarative API renders base tag as React component 1`] = `"<base data-rh="true" href="http://localhost/" target="_blank"/>"`;

exports[`server Declarative API renders base tags as string 1`] = `"<base data-rh="true" href="http://localhost/" target="_blank"/>"`;
