// Jest Snapshot v1, https://jestjs.io/docs/snapshot-testing

exports[`server Declarative API renders body attributes as component 1`] = `"<body lang="ga" class="myClassName"></body>"`;

exports[`server Declarative API renders body attributes as string 1`] = `"class="myClassName" lang="ga""`;
