// Jest Snapshot v1, https://jestjs.io/docs/snapshot-testing

exports[`misc API encodes special characters 1`] = `"<meta content="This is &quot;quoted&quot; text and &amp; and '." name="description" data-rh="true">"`;

exports[`misc API only adds new tags and preserves tags when rendering additional Helmet instances 1`] = `"<meta content="Test description" name="description" data-rh="true">"`;

exports[`misc API only adds new tags and preserves tags when rendering additional Helmet instances 2`] = `"<link href="http://localhost/style.css" rel="stylesheet" type="text/css" data-rh="true">"`;

exports[`misc API only adds new tags and preserves tags when rendering additional Helmet instances 3`] = `"<meta content="New description" name="description" data-rh="true">"`;

exports[`misc API only adds new tags and preserves tags when rendering additional Helmet instances 4`] = `"<link href="http://localhost/style2.css" rel="stylesheet" type="text/css" data-rh="true">"`;

exports[`misc API only adds new tags and preserves tags when rendering additional Helmet instances 5`] = `"<meta content="Test description" name="description" data-rh="true">"`;

exports[`misc API recognizes valid tags regardless of attribute ordering 1`] = `"<meta content="Test Description" name="description" data-rh="true">"`;

exports[`misc Declarative API encodes special characters 1`] = `"<meta content="This is &quot;quoted&quot; text and &amp; and '." name="description" data-rh="true">"`;

exports[`misc Declarative API only adds new tags and preserves tags when rendering additional Helmet instances 1`] = `"<meta content="Test description" name="description" data-rh="true">"`;

exports[`misc Declarative API only adds new tags and preserves tags when rendering additional Helmet instances 2`] = `"<link href="http://localhost/style.css" rel="stylesheet" type="text/css" data-rh="true">"`;

exports[`misc Declarative API only adds new tags and preserves tags when rendering additional Helmet instances 3`] = `"<meta content="New description" name="description" data-rh="true">"`;

exports[`misc Declarative API only adds new tags and preserves tags when rendering additional Helmet instances 4`] = `"<link href="http://localhost/style2.css" rel="stylesheet" type="text/css" data-rh="true">"`;

exports[`misc Declarative API only adds new tags and preserves tags when rendering additional Helmet instances 5`] = `"<meta content="Test description" name="description" data-rh="true">"`;

exports[`misc Declarative API recognizes valid tags regardless of attribute ordering 1`] = `"<meta content="Test Description" name="description" data-rh="true">"`;
