// Jest Snapshot v1, https://jestjs.io/docs/snapshot-testing

exports[`meta tags API allows duplicate meta tags if specified in the same component 1`] = `"<meta content="Test description" name="description" data-rh="true">"`;

exports[`meta tags API allows duplicate meta tags if specified in the same component 2`] = `"<meta content="Duplicate description" name="description" data-rh="true">"`;

exports[`meta tags API fails gracefully when meta is wrong shape 1`] = `"Helmet: meta should be of type "Array". Instead found type "object""`;

exports[`meta tags API overrides duplicate meta tags with single meta tag in a nested component 1`] = `"<meta content="Inner description" name="description" data-rh="true">"`;

exports[`meta tags API overrides single meta tag with duplicate meta tags in a nested component 1`] = `"<meta content="Inner description" name="description" data-rh="true">"`;

exports[`meta tags API overrides single meta tag with duplicate meta tags in a nested component 2`] = `"<meta content="Inner duplicate description" name="description" data-rh="true">"`;

exports[`meta tags API sets meta tags based on deepest nested component 1`] = `"<meta charset="utf-8" data-rh="true">"`;

exports[`meta tags API sets meta tags based on deepest nested component 2`] = `"<meta content="Inner description" name="description" data-rh="true">"`;

exports[`meta tags API sets meta tags based on deepest nested component 3`] = `"<meta content="test,meta,tags" name="keywords" data-rh="true">"`;

exports[`meta tags Declarative API allows duplicate meta tags if specified in the same component 1`] = `"<meta content="Test description" name="description" data-rh="true">"`;

exports[`meta tags Declarative API allows duplicate meta tags if specified in the same component 2`] = `"<meta content="Duplicate description" name="description" data-rh="true">"`;

exports[`meta tags Declarative API overrides duplicate meta tags with single meta tag in a nested component 1`] = `"<meta content="Inner description" name="description" data-rh="true">"`;

exports[`meta tags Declarative API overrides single meta tag with duplicate meta tags in a nested component 1`] = `"<meta content="Inner description" name="description" data-rh="true">"`;

exports[`meta tags Declarative API overrides single meta tag with duplicate meta tags in a nested component 2`] = `"<meta content="Inner duplicate description" name="description" data-rh="true">"`;

exports[`meta tags Declarative API sets meta tags based on deepest nested component 1`] = `"<meta charset="utf-8" data-rh="true">"`;

exports[`meta tags Declarative API sets meta tags based on deepest nested component 2`] = `"<meta content="Inner description" name="description" data-rh="true">"`;

exports[`meta tags Declarative API sets meta tags based on deepest nested component 3`] = `"<meta content="test,meta,tags" name="keywords" data-rh="true">"`;
