// Jest Snapshot v1, https://jestjs.io/docs/snapshot-testing

exports[`Declarative API updates style tags 1`] = `
"<style type="text/css" data-rh="true">
            body {
                background-color: green;
            }
        </style>"
`;

exports[`Declarative API updates style tags 2`] = `
"<style data-rh="true">
            p {
                font-size: 12px;
            }
        </style>"
`;

exports[`style tags updates style tags 1`] = `
"<style type="text/css" data-rh="true">
                  body {
                      background-color: green;
                  }
              </style>"
`;

exports[`style tags updates style tags 2`] = `
"<style data-rh="true">
                  p {
                      font-size: 12px;
                  }
              </style>"
`;
